=== docker_attempt 2026-09-16T18:29:45Z ===
Server Version: 29.7.2
--- root Dockerfile check (lane: none owned) ---
ls: no se puede acceder a 'Dockerfile': No existe el fichero o el directorio
--- probe build (CPU, MUJOCO_GL=osmesa, timeout 300s) ---
#0 building with "default" instance using docker driver

#1 [internal] load build definition from Dockerfile.cpu-probe
#1 transferring dockerfile: 348B done
#1 DONE 0.1s

#2 [internal] load metadata for docker.io/library/python:3.10-slim
#2 DONE 2.4s

#3 [internal] load .dockerignore
#3 transferring context: 2B done
#3 DONE 0.0s

#4 [1/2] FROM docker.io/library/python:3.10-slim@sha256:fd76ade0c607f27677bc04be3c60749f400eedc941d9e72967e19a4cedff80c2
#4 resolve docker.io/library/python:3.10-slim@sha256:fd76ade0c607f27677bc04be3c60749f400eedc941d9e72967e19a4cedff80c2 0.0s done
#4 DONE 0.1s

#4 [1/2] FROM docker.io/library/python:3.10-slim@sha256:fd76ade0c607f27677bc04be3c60749f400eedc941d9e72967e19a4cedff80c2
#4 sha256:9feb9947eea2d4a7b84504a6ef5ba25f1f86ec5626260c269297140f777beaa0 0B / 250B 0.2s
#4 sha256:9feb9947eea2d4a7b84504a6ef5ba25f1f86ec5626260c269297140f777beaa0 250B / 250B 0.2s done
#4 sha256:33fd700e5760ffc8c4f8306b7e77aeb159d838d54c855d673df9e81a8ac3f620 0B / 13.91MB 0.3s
#4 sha256:4bfad29f0e4c54033a1172e7cd01a051cef0fd435105fde568297cccc948e3cc 0B / 4.27MB 0.2s
#4 sha256:6310eb16bf4251731feab01e8f633bf5e2d75a657ccad97f420b1f83cce457be 0B / 29.79MB 0.2s
#4 sha256:33fd700e5760ffc8c4f8306b7e77aeb159d838d54c855d673df9e81a8ac3f620 6.29MB / 13.91MB 0.5s
#4 sha256:33fd700e5760ffc8c4f8306b7e77aeb159d838d54c855d673df9e81a8ac3f620 13.91MB / 13.91MB 0.6s done
#4 sha256:4bfad29f0e4c54033a1172e7cd01a051cef0fd435105fde568297cccc948e3cc 4.27MB / 4.27MB 0.7s done
#4 sha256:6310eb16bf4251731feab01e8f633bf5e2d75a657ccad97f420b1f83cce457be 13.63MB / 29.79MB 0.9s
#4 sha256:6310eb16bf4251731feab01e8f633bf5e2d75a657ccad97f420b1f83cce457be 27.26MB / 29.79MB 1.1s
#4 sha256:6310eb16bf4251731feab01e8f633bf5e2d75a657ccad97f420b1f83cce457be 29.79MB / 29.79MB 1.1s done
#4 extracting sha256:6310eb16bf4251731feab01e8f633bf5e2d75a657ccad97f420b1f83cce457be
#4 extracting sha256:6310eb16bf4251731feab01e8f633bf5e2d75a657ccad97f420b1f83cce457be 0.8s done
#4 DONE 2.1s

#4 [1/2] FROM docker.io/library/python:3.10-slim@sha256:fd76ade0c607f27677bc04be3c60749f400eedc941d9e72967e19a4cedff80c2
#4 extracting sha256:4bfad29f0e4c54033a1172e7cd01a051cef0fd435105fde568297cccc948e3cc 0.1s done
#4 DONE 2.2s

#4 [1/2] FROM docker.io/library/python:3.10-slim@sha256:fd76ade0c607f27677bc04be3c60749f400eedc941d9e72967e19a4cedff80c2
#4 extracting sha256:33fd700e5760ffc8c4f8306b7e77aeb159d838d54c855d673df9e81a8ac3f620
#4 extracting sha256:33fd700e5760ffc8c4f8306b7e77aeb159d838d54c855d673df9e81a8ac3f620 0.5s done
#4 DONE 2.7s

#4 [1/2] FROM docker.io/library/python:3.10-slim@sha256:fd76ade0c607f27677bc04be3c60749f400eedc941d9e72967e19a4cedff80c2
#4 extracting sha256:9feb9947eea2d4a7b84504a6ef5ba25f1f86ec5626260c269297140f777beaa0 0.0s done
#4 DONE 2.7s

#5 [2/2] RUN python3 --version && echo "MUJOCO_GL=osmesa"
#5 0.371 Python 3.10.21
#5 0.371 MUJOCO_GL=osmesa
#5 DONE 1.1s

#6 exporting to image
#6 exporting layers 0.1s done
#6 exporting manifest sha256:313624cebbdcbe95379fdb8f8ea382202b6da3003366289d702fec9f768d369f 0.0s done
#6 exporting config sha256:20fdc15f27212fdb43a39879b200863406ee58eb1f8841f5f1e43fceaab3173b 0.0s done
#6 exporting attestation manifest sha256:627226147e18886f51d331c72ed24c17950eccadaaf45ad161e001e0c8d9c328 0.0s done
#6 exporting manifest list sha256:2fb5232524ad9da56cef55bdfdc4e4eb29e7353ca60c48ecd4479adb460814cf 0.0s done
#6 naming to docker.io/library/mambo-vla-cpu-probe:local done
#6 unpacking to docker.io/library/mambo-vla-cpu-probe:local 0.0s done
#6 DONE 0.2s
BUILD_EXIT:0
Untagged: mambo-vla-cpu-probe:local
Deleted: sha256:2fb5232524ad9da56cef55bdfdc4e4eb29e7353ca60c48ecd4479adb460814cf
--- veredicto full-image (honest-negative) ---
Probe CPU (python:3.10-slim, MUJOCO_GL=osmesa): BUILD OK, imagen probe eliminada, nada publicado.
Full repro image (pinned stack mujoco==3.12.0 + lerobot==0.4.4 + openvino==2026.3.0 + torch CUDA + sim/training/out context): NO construida en Carril A.
Motivo: sin Dockerfile en el carril (root Dockerfile ausente, crear uno tocaria paths fuera de owns: sim/, training/, out/export/, scripts/eval_policy.py) + build completo implicaria COPY de paths prohibidos e instalacion pesada con riesgo >30min. Limite 30min no agotado (probe ~10s); aborto por boundary de carril, no por daemon (daemon OK 29.7.2).
Ninguna imagen publicada.
