== preflight ==
== env capture -> /home/ubuntu/mambo/out/bench/cpu_matrix_20260916T140419Z/00_env.txt ==
date_utc=20260916T140419Z
Linux c3-small-x86-sao-1 6.8.0-139-generic #139-Ubuntu SMP PREEMPT_DYNAMIC Sat Aug  1 03:52:05 UTC 2026 x86_64 x86_64 x86_64 GNU/Linux
--- lscpu ---
Architecture:                            x86_64
CPU op-mode(s):                          32-bit, 64-bit
Address sizes:                           39 bits physical, 48 bits virtual
Byte Order:                              Little Endian
CPU(s):                                  12
On-line CPU(s) list:                     0-11
Vendor ID:                               GenuineIntel
Model name:                              Intel(R) Xeon(R) E-2386G CPU @ 3.50GHz
CPU family:                              6
Model:                                   167
Thread(s) per core:                      2
Core(s) per socket:                      6
Socket(s):                               1
Stepping:                                1
CPU(s) scaling MHz:                      20%
CPU max MHz:                             5100.0000
CPU min MHz:                             800.0000
BogoMIPS:                                7008.00
Flags:                                   fpu vme de pse tsc msr pae mce cx8 apic sep mtrr pge mca cmov pat pse36 clflush dts acpi mmx fxsr sse sse2 ss ht tm pbe syscall nx pdpe1gb rdtscp lm constant_tsc art arch_perfmon pebs bts rep_good nopl xtopology nonstop_tsc cpuid aperfmperf tsc_known_freq pni pclmulqdq dtes64 monitor ds_cpl vmx smx est tm2 ssse3 sdbg fma cx16 xtpr pdcm pcid sse4_1 sse4_2 x2apic movbe popcnt tsc_deadline_timer aes xsave avx f16c rdrand lahf_lm abm 3dnowprefetch cpuid_fault epb ssbd ibrs ibpb stibp ibrs_enhanced tpr_shadow flexpriority ept vpid ept_ad fsgsbase tsc_adjust bmi1 avx2 smep bmi2 erms invpcid mpx avx512f avx512dq rdseed adx smap avx512ifma clflushopt intel_pt avx512cd sha_ni avx512bw avx512vl xsaveopt xsavec xgetbv1 xsaves dtherm ida arat pln pts hwp hwp_notify hwp_act_window hwp_epp hwp_pkg_req vnmi avx512vbmi umip pku ospke avx512_vbmi2 gfni vaes vpclmulqdq avx512_vnni avx512_bitalg avx512_vpopcntdq rdpid fsrm md_clear flush_l1d arch_capabilities
Virtualization:                          VT-x
L1d cache:                               288 KiB (6 instances)
L1i cache:                               192 KiB (6 instances)
L2 cache:                                3 MiB (6 instances)
L3 cache:                                12 MiB (1 instance)
NUMA node(s):                            1
NUMA node0 CPU(s):                       0-11
Vulnerability Gather data sampling:      Mitigation; Microcode
Vulnerability Indirect target selection: Mitigation; Aligned branch/return thunks
Vulnerability Itlb multihit:             Not affected
Vulnerability L1tf:                      Not affected
Vulnerability Mds:                       Not affected
Vulnerability Meltdown:                  Not affected
Vulnerability Mmio stale data:           Mitigation; Clear CPU buffers; SMT vulnerable
Vulnerability Reg file data sampling:    Not affected
Vulnerability Retbleed:                  Mitigation; Enhanced IBRS
Vulnerability Spec rstack overflow:      Not affected
Vulnerability Spec store bypass:         Mitigation; Speculative Store Bypass disabled via prctl
Vulnerability Spectre v1:                Mitigation; usercopy/swapgs barriers and __user pointer sanitization
Vulnerability Spectre v2:                Mitigation; Enhanced / Automatic IBRS; IBPB conditional; PBRSB-eIBRS SW sequence; BHI SW loop, KVM SW loop
Vulnerability Srbds:                     Not affected
Vulnerability Tsa:                       Not affected
Vulnerability Tsx async abort:           Not affected
Vulnerability Vmscape:                   Not affected
--- openvino version ---
2026.3.0-22451-8a17657b995-releases/2026/3
--- available devices ---
['CPU']
--- /dev/dri (iGPU?) ---
total 0
drwxr-xr-x  3 root root      80 Sep 14 15:02 .
drwxr-xr-x 19 root root    4420 Sep 14 15:04 ..
drwxr-xr-x  2 root root      60 Sep 14 15:02 by-path
crw-rw----  1 root video 226, 0 Sep 14 15:02 card0
--- /dev/accel (NPU?) ---
ls: cannot access '/dev/accel': No such file or directory
--- benchmark_app version ---
[Step 1/11] Parsing and validating input arguments
[ INFO ] Parsing input parameters
usage: benchmark_app [-h [HELP]] [-i PATHS_TO_INPUT [PATHS_TO_INPUT ...]] -m
                     PATH_TO_MODEL [-d TARGET_DEVICE]
                     [-hint {throughput,tput,cumulative_throughput,ctput,latency,none}]
                     [-niter NUMBER_ITERATIONS]
                     [-max_irate MAXIMUM_INFERENCE_RATE] [-t TIME]
                     [-b BATCH_SIZE] [-shape SHAPE] [-data_shape DATA_SHAPE]
                     [-layout LAYOUT] [-extensions EXTENSIONS]
                     [-c PATH_TO_CLDNN_CONFIG] [-cdir CACHE_DIR]
                     [-lfile [LOAD_FROM_FILE]] [-api {sync,async}]
                     [-nireq NUMBER_INFER_REQUESTS] [-nstreams NUMBER_STREAMS]
                     [-inference_only [INFERENCE_ONLY]] [-no_warmup]
                     [-infer_precision INFER_PRECISION]
                     [-ip {bool,f16,f32,f64,i8,i16,i32,i64,u8,u16,u32,u64}]
                     [-op {bool,f16,f32,f64,i8,i16,i32,i64,u8,u16,u32,u64}]
                     [-iop INPUT_OUTPUT_PRECISION] [--mean_values [R,G,B]]
                     [--scale_values [R,G,B]] [-nthreads NUMBER_THREADS]
                     [-pin {YES,NO}] [-latency_percentile LATENCY_PERCENTILE]
                     [-report_type {no_counters,average_counters,detailed_counters}]
                     [-report_folder REPORT_FOLDER] [-json_stats [JSON_STATS]]
                     [-pc [PERF_COUNTS]] [-pcsort {no_sort,sort,simple_sort}]
                     [-pcseq [PCSEQ]] [-exec_graph_path EXEC_GRAPH_PATH]
                     [-dump_config DUMP_CONFIG] [-load_config LOAD_CONFIG]
benchmark_app: error: the following arguments are required: -m/--path_to_model
== matrix: FP32 vs FP16 x LATENCY vs THROUGHPUT x sync vs async (-d CPU -niter 100) ==
-- fp32 LATENCY sync -> /home/ubuntu/mambo/out/bench/cpu_matrix_20260916T140419Z/bench_fp32_LATENCY_sync.log
[Step 1/11] Parsing and validating input arguments
[ INFO ] Parsing input parameters
[Step 2/11] Loading OpenVINO Runtime
[ INFO ] OpenVINO:
[ INFO ] Build ................................. 2026.3.0-22451-8a17657b995-releases/2026/3
[ INFO ] 
[ INFO ] Device info:
[ INFO ] CPU
[ INFO ] Build ................................. 2026.3.0-22451-8a17657b995-releases/2026/3
[ INFO ] 
[ INFO ] 
[Step 3/11] Setting device configuration
[Step 4/11] Reading model files
[ INFO ] Loading model files
[ INFO ] Read model took 32.51 ms
[ INFO ] Original model I/O parameters:
[ INFO ] Model inputs:
[ INFO ]     overhead (node: overhead) : f32 / [...] / [?,3,?,?]
[ INFO ]     table_left (node: table_left) : f32 / [...] / [?,3,?,?]
[ INFO ]     table_right (node: table_right) : f32 / [...] / [?,3,?,?]
[ INFO ]     wrist_cam (node: wrist_cam) : f32 / [...] / [?,3,?,?]
[ INFO ]     state (node: state) : f32 / [...] / [?,?]
[ INFO ] Model outputs:
[ INFO ]     ***NO_NAME*** (node: __module.net.action_head/aten::linear/Add) : f32 / [...] / [?,50,12]
[Step 5/11] Resizing model to match image sizes and given batch
[ INFO ] Model batch size: 1
[ INFO ] Reshaping model: 'overhead': [1,3,256,256], 'table_left': [1,3,256,256], 'table_right': [1,3,256,256], 'wrist_cam': [1,3,256,256], 'state': [1,12]
[ INFO ] Reshape model took 36.07 ms
[Step 6/11] Configuring input of the model
[ INFO ] Model inputs:
[ INFO ]     overhead (node: overhead) : u8 / [N,C,H,W] / [1,3,256,256]
[ INFO ]     table_left (node: table_left) : u8 / [N,C,H,W] / [1,3,256,256]
[ INFO ]     table_right (node: table_right) : u8 / [N,C,H,W] / [1,3,256,256]
[ INFO ]     wrist_cam (node: wrist_cam) : u8 / [N,C,H,W] / [1,3,256,256]
[ INFO ]     state (node: state) : f32 / [...] / [1,12]
[ INFO ] Model outputs:
[ INFO ]     ***NO_NAME*** (node: __module.net.action_head/aten::linear/Add) : f32 / [...] / [1,50,12]
[Step 7/11] Loading the model to the device
[ INFO ] Compile model took 415.97 ms
[ INFO ] Start of compilation memory usage: Peak 840172 KB
[ INFO ] End of compilation memory usage: Peak 1767300 KB
[ INFO ] Compile model ram used 927128 KB
[Step 8/11] Querying optimal runtime parameters
[ INFO ] Model:
[ INFO ]   NETWORK_NAME: Model0
[ INFO ]   OPTIMAL_NUMBER_OF_INFER_REQUESTS: 1
[ INFO ]   NUM_STREAMS: 1
[ INFO ]   INFERENCE_NUM_THREADS: 6
[ INFO ]   PERF_COUNT: NO
[ INFO ]   INFERENCE_PRECISION_HINT: <Type: 'float32'>
[ INFO ]   PERFORMANCE_HINT: LATENCY
[ INFO ]   EXECUTION_MODE_HINT: ExecutionMode.PERFORMANCE
[ INFO ]   PERFORMANCE_HINT_NUM_REQUESTS: 0
[ INFO ]   ENABLE_CPU_PINNING: True
[ INFO ]   ENABLE_CPU_RESERVATION: False
[ INFO ]   SCHEDULING_CORE_TYPE: SchedulingCoreType.ANY_CORE
[ INFO ]   MODEL_DISTRIBUTION_POLICY: set()
[ INFO ]   ENABLE_HYPER_THREADING: False
[ INFO ]   EXECUTION_DEVICES: ['CPU']
[ INFO ]   CPU_DENORMALS_OPTIMIZATION: False
[ INFO ]   LOG_LEVEL: Level.NO
[ INFO ]   CPU_SPARSE_WEIGHTS_DECOMPRESSION_RATE: 1.0
[ INFO ]   ENABLE_TENSOR_PARALLEL: False
[ INFO ]   TBB_PARTITIONER: TbbPartitioner.STATIC
[ INFO ]   DYNAMIC_QUANTIZATION_GROUP_SIZE: 32
[ INFO ]   KV_CACHE_PRECISION: <Type: 'uint8_t'>
[ INFO ]   KEY_CACHE_PRECISION: <Type: 'uint8_t'>
[ INFO ]   VALUE_CACHE_PRECISION: <Type: 'uint8_t'>
[ INFO ]   KEY_CACHE_GROUP_SIZE: 0
[ INFO ]   VALUE_CACHE_GROUP_SIZE: 0
[Step 9/11] Creating infer requests and preparing input tensors
[ WARNING ] No input files were given for input 'overhead'!. This input will be filled with random values!
[ WARNING ] No input files were given for input 'table_left'!. This input will be filled with random values!
[ WARNING ] No input files were given for input 'table_right'!. This input will be filled with random values!
[ WARNING ] No input files were given for input 'wrist_cam'!. This input will be filled with random values!
[ WARNING ] No input files were given for input 'state'!. This input will be filled with random values!
[ INFO ] Fill input 'overhead' with random values 
[ INFO ] Fill input 'table_left' with random values 
[ INFO ] Fill input 'table_right' with random values 
[ INFO ] Fill input 'wrist_cam' with random values 
[ INFO ] Fill input 'state' with random values 
[Step 10/11] Measuring performance (Start inference synchronously, limits: 100 iterations)
[ INFO ] Benchmarking in inference only mode (inputs filling are not included in measurement loop).
[ INFO ] First inference took 42.35 ms
[Step 11/11] Dumping statistics report
[ INFO ] Execution Devices:['CPU']
[ INFO ] Count:            100 iterations
[ INFO ] Duration:         4082.00 ms
[ INFO ] Latency:
[ INFO ]    Median:        40.83 ms
[ INFO ]    Average:       40.75 ms
[ INFO ]    Min:           40.35 ms
[ INFO ]    Max:           41.01 ms
[ INFO ] Throughput:   24.50 FPS
-- fp32 LATENCY async -> /home/ubuntu/mambo/out/bench/cpu_matrix_20260916T140419Z/bench_fp32_LATENCY_async.log
[Step 1/11] Parsing and validating input arguments
[ INFO ] Parsing input parameters
[Step 2/11] Loading OpenVINO Runtime
[ INFO ] OpenVINO:
[ INFO ] Build ................................. 2026.3.0-22451-8a17657b995-releases/2026/3
[ INFO ] 
[ INFO ] Device info:
[ INFO ] CPU
[ INFO ] Build ................................. 2026.3.0-22451-8a17657b995-releases/2026/3
[ INFO ] 
[ INFO ] 
[Step 3/11] Setting device configuration
[Step 4/11] Reading model files
[ INFO ] Loading model files
[ INFO ] Read model took 41.12 ms
[ INFO ] Original model I/O parameters:
[ INFO ] Model inputs:
[ INFO ]     overhead (node: overhead) : f32 / [...] / [?,3,?,?]
[ INFO ]     table_left (node: table_left) : f32 / [...] / [?,3,?,?]
[ INFO ]     table_right (node: table_right) : f32 / [...] / [?,3,?,?]
[ INFO ]     wrist_cam (node: wrist_cam) : f32 / [...] / [?,3,?,?]
[ INFO ]     state (node: state) : f32 / [...] / [?,?]
[ INFO ] Model outputs:
[ INFO ]     ***NO_NAME*** (node: __module.net.action_head/aten::linear/Add) : f32 / [...] / [?,50,12]
[Step 5/11] Resizing model to match image sizes and given batch
[ INFO ] Model batch size: 1
[ INFO ] Reshaping model: 'overhead': [1,3,256,256], 'table_left': [1,3,256,256], 'table_right': [1,3,256,256], 'wrist_cam': [1,3,256,256], 'state': [1,12]
[ INFO ] Reshape model took 36.29 ms
[Step 6/11] Configuring input of the model
[ INFO ] Model inputs:
[ INFO ]     overhead (node: overhead) : u8 / [N,C,H,W] / [1,3,256,256]
[ INFO ]     table_left (node: table_left) : u8 / [N,C,H,W] / [1,3,256,256]
[ INFO ]     table_right (node: table_right) : u8 / [N,C,H,W] / [1,3,256,256]
[ INFO ]     wrist_cam (node: wrist_cam) : u8 / [N,C,H,W] / [1,3,256,256]
[ INFO ]     state (node: state) : f32 / [...] / [1,12]
[ INFO ] Model outputs:
[ INFO ]     ***NO_NAME*** (node: __module.net.action_head/aten::linear/Add) : f32 / [...] / [1,50,12]
[Step 7/11] Loading the model to the device
[ INFO ] Compile model took 416.38 ms
[ INFO ] Start of compilation memory usage: Peak 840172 KB
[ INFO ] End of compilation memory usage: Peak 1656652 KB
[ INFO ] Compile model ram used 816480 KB
[Step 8/11] Querying optimal runtime parameters
[ INFO ] Model:
[ INFO ]   NETWORK_NAME: Model0
[ INFO ]   OPTIMAL_NUMBER_OF_INFER_REQUESTS: 1
[ INFO ]   NUM_STREAMS: 1
[ INFO ]   INFERENCE_NUM_THREADS: 6
[ INFO ]   PERF_COUNT: NO
[ INFO ]   INFERENCE_PRECISION_HINT: <Type: 'float32'>
[ INFO ]   PERFORMANCE_HINT: LATENCY
[ INFO ]   EXECUTION_MODE_HINT: ExecutionMode.PERFORMANCE
[ INFO ]   PERFORMANCE_HINT_NUM_REQUESTS: 0
[ INFO ]   ENABLE_CPU_PINNING: True
[ INFO ]   ENABLE_CPU_RESERVATION: False
[ INFO ]   SCHEDULING_CORE_TYPE: SchedulingCoreType.ANY_CORE
[ INFO ]   MODEL_DISTRIBUTION_POLICY: set()
[ INFO ]   ENABLE_HYPER_THREADING: False
[ INFO ]   EXECUTION_DEVICES: ['CPU']
[ INFO ]   CPU_DENORMALS_OPTIMIZATION: False
[ INFO ]   LOG_LEVEL: Level.NO
[ INFO ]   CPU_SPARSE_WEIGHTS_DECOMPRESSION_RATE: 1.0
[ INFO ]   ENABLE_TENSOR_PARALLEL: False
[ INFO ]   TBB_PARTITIONER: TbbPartitioner.STATIC
[ INFO ]   DYNAMIC_QUANTIZATION_GROUP_SIZE: 32
[ INFO ]   KV_CACHE_PRECISION: <Type: 'uint8_t'>
[ INFO ]   KEY_CACHE_PRECISION: <Type: 'uint8_t'>
[ INFO ]   VALUE_CACHE_PRECISION: <Type: 'uint8_t'>
[ INFO ]   KEY_CACHE_GROUP_SIZE: 0
[ INFO ]   VALUE_CACHE_GROUP_SIZE: 0
[Step 9/11] Creating infer requests and preparing input tensors
[ WARNING ] No input files were given for input 'overhead'!. This input will be filled with random values!
[ WARNING ] No input files were given for input 'table_left'!. This input will be filled with random values!
[ WARNING ] No input files were given for input 'table_right'!. This input will be filled with random values!
[ WARNING ] No input files were given for input 'wrist_cam'!. This input will be filled with random values!
[ WARNING ] No input files were given for input 'state'!. This input will be filled with random values!
[ INFO ] Fill input 'overhead' with random values 
[ INFO ] Fill input 'table_left' with random values 
[ INFO ] Fill input 'table_right' with random values 
[ INFO ] Fill input 'wrist_cam' with random values 
[ INFO ] Fill input 'state' with random values 
[Step 10/11] Measuring performance (Start inference asynchronously, 1 inference requests, limits: 100 iterations)
[ INFO ] Benchmarking in inference only mode (inputs filling are not included in measurement loop).
[ INFO ] First inference took 42.32 ms
[Step 11/11] Dumping statistics report
[ INFO ] Execution Devices:['CPU']
[ INFO ] Count:            100 iterations
[ INFO ] Duration:         4092.88 ms
[ INFO ] Latency:
[ INFO ]    Median:        40.89 ms
[ INFO ]    Average:       40.87 ms
[ INFO ]    Min:           40.40 ms
[ INFO ]    Max:           41.02 ms
[ INFO ] Throughput:   24.43 FPS
-- fp32 THROUGHPUT sync -> /home/ubuntu/mambo/out/bench/cpu_matrix_20260916T140419Z/bench_fp32_THROUGHPUT_sync.log
[Step 1/11] Parsing and validating input arguments
[ INFO ] Parsing input parameters
[Step 2/11] Loading OpenVINO Runtime
[ INFO ] OpenVINO:
[ INFO ] Build ................................. 2026.3.0-22451-8a17657b995-releases/2026/3
[ INFO ] 
[ INFO ] Device info:
[ INFO ] CPU
[ INFO ] Build ................................. 2026.3.0-22451-8a17657b995-releases/2026/3
[ INFO ] 
[ INFO ] 
[Step 3/11] Setting device configuration
[Step 4/11] Reading model files
[ INFO ] Loading model files
[ INFO ] Read model took 32.35 ms
[ INFO ] Original model I/O parameters:
[ INFO ] Model inputs:
[ INFO ]     overhead (node: overhead) : f32 / [...] / [?,3,?,?]
[ INFO ]     table_left (node: table_left) : f32 / [...] / [?,3,?,?]
[ INFO ]     table_right (node: table_right) : f32 / [...] / [?,3,?,?]
[ INFO ]     wrist_cam (node: wrist_cam) : f32 / [...] / [?,3,?,?]
[ INFO ]     state (node: state) : f32 / [...] / [?,?]
[ INFO ] Model outputs:
[ INFO ]     ***NO_NAME*** (node: __module.net.action_head/aten::linear/Add) : f32 / [...] / [?,50,12]
[Step 5/11] Resizing model to match image sizes and given batch
[ INFO ] Model batch size: 1
[ INFO ] Reshaping model: 'overhead': [1,3,256,256], 'table_left': [1,3,256,256], 'table_right': [1,3,256,256], 'wrist_cam': [1,3,256,256], 'state': [1,12]
[ INFO ] Reshape model took 35.76 ms
[Step 6/11] Configuring input of the model
[ INFO ] Model inputs:
[ INFO ]     overhead (node: overhead) : u8 / [N,C,H,W] / [1,3,256,256]
[ INFO ]     table_left (node: table_left) : u8 / [N,C,H,W] / [1,3,256,256]
[ INFO ]     table_right (node: table_right) : u8 / [N,C,H,W] / [1,3,256,256]
[ INFO ]     wrist_cam (node: wrist_cam) : u8 / [N,C,H,W] / [1,3,256,256]
[ INFO ]     state (node: state) : f32 / [...] / [1,12]
[ INFO ] Model outputs:
[ INFO ]     ***NO_NAME*** (node: __module.net.action_head/aten::linear/Add) : f32 / [...] / [1,50,12]
[Step 7/11] Loading the model to the device
[ INFO ] Compile model took 477.93 ms
[ INFO ] Start of compilation memory usage: Peak 840172 KB
[ INFO ] End of compilation memory usage: Peak 1954276 KB
[ INFO ] Compile model ram used 1114104 KB
[Step 8/11] Querying optimal runtime parameters
[ INFO ] Model:
[ INFO ]   NETWORK_NAME: Model0
[ INFO ]   OPTIMAL_NUMBER_OF_INFER_REQUESTS: 4
[ INFO ]   NUM_STREAMS: 4
[ INFO ]   INFERENCE_NUM_THREADS: 12
[ INFO ]   PERF_COUNT: NO
[ INFO ]   INFERENCE_PRECISION_HINT: <Type: 'float32'>
[ INFO ]   PERFORMANCE_HINT: THROUGHPUT
[ INFO ]   EXECUTION_MODE_HINT: ExecutionMode.PERFORMANCE
[ INFO ]   PERFORMANCE_HINT_NUM_REQUESTS: 0
[ INFO ]   ENABLE_CPU_PINNING: True
[ INFO ]   ENABLE_CPU_RESERVATION: False
[ INFO ]   SCHEDULING_CORE_TYPE: SchedulingCoreType.ANY_CORE
[ INFO ]   MODEL_DISTRIBUTION_POLICY: set()
[ INFO ]   ENABLE_HYPER_THREADING: True
[ INFO ]   EXECUTION_DEVICES: ['CPU']
[ INFO ]   CPU_DENORMALS_OPTIMIZATION: False
[ INFO ]   LOG_LEVEL: Level.NO
[ INFO ]   CPU_SPARSE_WEIGHTS_DECOMPRESSION_RATE: 1.0
[ INFO ]   ENABLE_TENSOR_PARALLEL: False
[ INFO ]   TBB_PARTITIONER: TbbPartitioner.STATIC
[ INFO ]   DYNAMIC_QUANTIZATION_GROUP_SIZE: 32
[ INFO ]   KV_CACHE_PRECISION: <Type: 'uint8_t'>
[ INFO ]   KEY_CACHE_PRECISION: <Type: 'uint8_t'>
[ INFO ]   VALUE_CACHE_PRECISION: <Type: 'uint8_t'>
[ INFO ]   KEY_CACHE_GROUP_SIZE: 0
[ INFO ]   VALUE_CACHE_GROUP_SIZE: 0
[Step 9/11] Creating infer requests and preparing input tensors
[ WARNING ] No input files were given for input 'overhead'!. This input will be filled with random values!
[ WARNING ] No input files were given for input 'table_left'!. This input will be filled with random values!
[ WARNING ] No input files were given for input 'table_right'!. This input will be filled with random values!
[ WARNING ] No input files were given for input 'wrist_cam'!. This input will be filled with random values!
[ WARNING ] No input files were given for input 'state'!. This input will be filled with random values!
[ INFO ] Fill input 'overhead' with random values 
[ INFO ] Fill input 'table_left' with random values 
[ INFO ] Fill input 'table_right' with random values 
[ INFO ] Fill input 'wrist_cam' with random values 
[ INFO ] Fill input 'state' with random values 
[Step 10/11] Measuring performance (Start inference synchronously, limits: 100 iterations)
[ INFO ] Benchmarking in inference only mode (inputs filling are not included in measurement loop).
[ INFO ] First inference took 71.99 ms
[Step 11/11] Dumping statistics report
[ INFO ] Execution Devices:['CPU']
[ INFO ] Count:            100 iterations
[ INFO ] Duration:         7149.18 ms
[ INFO ] Latency:
[ INFO ]    Median:        71.40 ms
[ INFO ]    Average:       71.42 ms
[ INFO ]    Min:           71.28 ms
[ INFO ]    Max:           72.10 ms
[ INFO ] Throughput:   13.99 FPS
-- fp32 THROUGHPUT async -> /home/ubuntu/mambo/out/bench/cpu_matrix_20260916T140419Z/bench_fp32_THROUGHPUT_async.log
[Step 1/11] Parsing and validating input arguments
[ INFO ] Parsing input parameters
[Step 2/11] Loading OpenVINO Runtime
[ INFO ] OpenVINO:
[ INFO ] Build ................................. 2026.3.0-22451-8a17657b995-releases/2026/3
[ INFO ] 
[ INFO ] Device info:
[ INFO ] CPU
[ INFO ] Build ................................. 2026.3.0-22451-8a17657b995-releases/2026/3
[ INFO ] 
[ INFO ] 
[Step 3/11] Setting device configuration
[Step 4/11] Reading model files
[ INFO ] Loading model files
[ INFO ] Read model took 32.21 ms
[ INFO ] Original model I/O parameters:
[ INFO ] Model inputs:
[ INFO ]     overhead (node: overhead) : f32 / [...] / [?,3,?,?]
[ INFO ]     table_left (node: table_left) : f32 / [...] / [?,3,?,?]
[ INFO ]     table_right (node: table_right) : f32 / [...] / [?,3,?,?]
[ INFO ]     wrist_cam (node: wrist_cam) : f32 / [...] / [?,3,?,?]
[ INFO ]     state (node: state) : f32 / [...] / [?,?]
[ INFO ] Model outputs:
[ INFO ]     ***NO_NAME*** (node: __module.net.action_head/aten::linear/Add) : f32 / [...] / [?,50,12]
[Step 5/11] Resizing model to match image sizes and given batch
[ INFO ] Model batch size: 1
[ INFO ] Reshaping model: 'overhead': [1,3,256,256], 'table_left': [1,3,256,256], 'table_right': [1,3,256,256], 'wrist_cam': [1,3,256,256], 'state': [1,12]
[ INFO ] Reshape model took 35.69 ms
[Step 6/11] Configuring input of the model
[ INFO ] Model inputs:
[ INFO ]     overhead (node: overhead) : u8 / [N,C,H,W] / [1,3,256,256]
[ INFO ]     table_left (node: table_left) : u8 / [N,C,H,W] / [1,3,256,256]
[ INFO ]     table_right (node: table_right) : u8 / [N,C,H,W] / [1,3,256,256]
[ INFO ]     wrist_cam (node: wrist_cam) : u8 / [N,C,H,W] / [1,3,256,256]
[ INFO ]     state (node: state) : f32 / [...] / [1,12]
[ INFO ] Model outputs:
[ INFO ]     ***NO_NAME*** (node: __module.net.action_head/aten::linear/Add) : f32 / [...] / [1,50,12]
[Step 7/11] Loading the model to the device
[ INFO ] Compile model took 477.40 ms
[ INFO ] Start of compilation memory usage: Peak 840164 KB
[ INFO ] End of compilation memory usage: Peak 2089440 KB
[ INFO ] Compile model ram used 1249276 KB
[Step 8/11] Querying optimal runtime parameters
[ INFO ] Model:
[ INFO ]   NETWORK_NAME: Model0
[ INFO ]   OPTIMAL_NUMBER_OF_INFER_REQUESTS: 4
[ INFO ]   NUM_STREAMS: 4
[ INFO ]   INFERENCE_NUM_THREADS: 12
[ INFO ]   PERF_COUNT: NO
[ INFO ]   INFERENCE_PRECISION_HINT: <Type: 'float32'>
[ INFO ]   PERFORMANCE_HINT: THROUGHPUT
[ INFO ]   EXECUTION_MODE_HINT: ExecutionMode.PERFORMANCE
[ INFO ]   PERFORMANCE_HINT_NUM_REQUESTS: 0
[ INFO ]   ENABLE_CPU_PINNING: True
[ INFO ]   ENABLE_CPU_RESERVATION: False
[ INFO ]   SCHEDULING_CORE_TYPE: SchedulingCoreType.ANY_CORE
[ INFO ]   MODEL_DISTRIBUTION_POLICY: set()
[ INFO ]   ENABLE_HYPER_THREADING: True
[ INFO ]   EXECUTION_DEVICES: ['CPU']
[ INFO ]   CPU_DENORMALS_OPTIMIZATION: False
[ INFO ]   LOG_LEVEL: Level.NO
[ INFO ]   CPU_SPARSE_WEIGHTS_DECOMPRESSION_RATE: 1.0
[ INFO ]   ENABLE_TENSOR_PARALLEL: False
[ INFO ]   TBB_PARTITIONER: TbbPartitioner.STATIC
[ INFO ]   DYNAMIC_QUANTIZATION_GROUP_SIZE: 32
[ INFO ]   KV_CACHE_PRECISION: <Type: 'uint8_t'>
[ INFO ]   KEY_CACHE_PRECISION: <Type: 'uint8_t'>
[ INFO ]   VALUE_CACHE_PRECISION: <Type: 'uint8_t'>
[ INFO ]   KEY_CACHE_GROUP_SIZE: 0
[ INFO ]   VALUE_CACHE_GROUP_SIZE: 0
[Step 9/11] Creating infer requests and preparing input tensors
[ WARNING ] No input files were given for input 'overhead'!. This input will be filled with random values!
[ WARNING ] No input files were given for input 'table_left'!. This input will be filled with random values!
[ WARNING ] No input files were given for input 'table_right'!. This input will be filled with random values!
[ WARNING ] No input files were given for input 'wrist_cam'!. This input will be filled with random values!
[ WARNING ] No input files were given for input 'state'!. This input will be filled with random values!
[ INFO ] Fill input 'overhead' with random values 
[ INFO ] Fill input 'table_left' with random values 
[ INFO ] Fill input 'table_right' with random values 
[ INFO ] Fill input 'wrist_cam' with random values 
[ INFO ] Fill input 'state' with random values 
[Step 10/11] Measuring performance (Start inference asynchronously, 4 inference requests, limits: 100 iterations)
[ INFO ] Benchmarking in inference only mode (inputs filling are not included in measurement loop).
[ INFO ] First inference took 71.94 ms
[Step 11/11] Dumping statistics report
[ INFO ] Execution Devices:['CPU']
[ INFO ] Count:            100 iterations
[ INFO ] Duration:         3673.44 ms
[ INFO ] Latency:
[ INFO ]    Median:        143.22 ms
[ INFO ]    Average:       144.72 ms
[ INFO ]    Min:           135.02 ms
[ INFO ]    Max:           150.76 ms
[ INFO ] Throughput:   27.22 FPS
-- fp16 LATENCY sync -> /home/ubuntu/mambo/out/bench/cpu_matrix_20260916T140419Z/bench_fp16_LATENCY_sync.log
[Step 1/11] Parsing and validating input arguments
[ INFO ] Parsing input parameters
[Step 2/11] Loading OpenVINO Runtime
[ INFO ] OpenVINO:
[ INFO ] Build ................................. 2026.3.0-22451-8a17657b995-releases/2026/3
[ INFO ] 
[ INFO ] Device info:
[ INFO ] CPU
[ INFO ] Build ................................. 2026.3.0-22451-8a17657b995-releases/2026/3
[ INFO ] 
[ INFO ] 
[Step 3/11] Setting device configuration
[Step 4/11] Reading model files
[ INFO ] Loading model files
[ INFO ] Read model took 38.10 ms
[ INFO ] Original model I/O parameters:
[ INFO ] Model inputs:
[ INFO ]     overhead (node: overhead) : f32 / [...] / [?,3,?,?]
[ INFO ]     table_left (node: table_left) : f32 / [...] / [?,3,?,?]
[ INFO ]     table_right (node: table_right) : f32 / [...] / [?,3,?,?]
[ INFO ]     wrist_cam (node: wrist_cam) : f32 / [...] / [?,3,?,?]
[ INFO ]     state (node: state) : f32 / [...] / [?,?]
[ INFO ] Model outputs:
[ INFO ]     ***NO_NAME*** (node: __module.net.action_head/aten::linear/Add) : f32 / [...] / [?,50,12]
[Step 5/11] Resizing model to match image sizes and given batch
[ INFO ] Model batch size: 1
[ INFO ] Reshaping model: 'overhead': [1,3,256,256], 'table_left': [1,3,256,256], 'table_right': [1,3,256,256], 'wrist_cam': [1,3,256,256], 'state': [1,12]
[ INFO ] Reshape model took 35.93 ms
[Step 6/11] Configuring input of the model
[ INFO ] Model inputs:
[ INFO ]     overhead (node: overhead) : u8 / [N,C,H,W] / [1,3,256,256]
[ INFO ]     table_left (node: table_left) : u8 / [N,C,H,W] / [1,3,256,256]
[ INFO ]     table_right (node: table_right) : u8 / [N,C,H,W] / [1,3,256,256]
[ INFO ]     wrist_cam (node: wrist_cam) : u8 / [N,C,H,W] / [1,3,256,256]
[ INFO ]     state (node: state) : f32 / [...] / [1,12]
[ INFO ] Model outputs:
[ INFO ]     ***NO_NAME*** (node: __module.net.action_head/aten::linear/Add) : f32 / [...] / [1,50,12]
[Step 7/11] Loading the model to the device
[ INFO ] Compile model took 417.94 ms
[ INFO ] Start of compilation memory usage: Peak 840164 KB
[ INFO ] End of compilation memory usage: Peak 1656648 KB
[ INFO ] Compile model ram used 816484 KB
[Step 8/11] Querying optimal runtime parameters
[ INFO ] Model:
[ INFO ]   NETWORK_NAME: Model0
[ INFO ]   OPTIMAL_NUMBER_OF_INFER_REQUESTS: 1
[ INFO ]   NUM_STREAMS: 1
[ INFO ]   INFERENCE_NUM_THREADS: 6
[ INFO ]   PERF_COUNT: NO
[ INFO ]   INFERENCE_PRECISION_HINT: <Type: 'float32'>
[ INFO ]   PERFORMANCE_HINT: LATENCY
[ INFO ]   EXECUTION_MODE_HINT: ExecutionMode.PERFORMANCE
[ INFO ]   PERFORMANCE_HINT_NUM_REQUESTS: 0
[ INFO ]   ENABLE_CPU_PINNING: True
[ INFO ]   ENABLE_CPU_RESERVATION: False
[ INFO ]   SCHEDULING_CORE_TYPE: SchedulingCoreType.ANY_CORE
[ INFO ]   MODEL_DISTRIBUTION_POLICY: set()
[ INFO ]   ENABLE_HYPER_THREADING: False
[ INFO ]   EXECUTION_DEVICES: ['CPU']
[ INFO ]   CPU_DENORMALS_OPTIMIZATION: False
[ INFO ]   LOG_LEVEL: Level.NO
[ INFO ]   CPU_SPARSE_WEIGHTS_DECOMPRESSION_RATE: 1.0
[ INFO ]   ENABLE_TENSOR_PARALLEL: False
[ INFO ]   TBB_PARTITIONER: TbbPartitioner.STATIC
[ INFO ]   DYNAMIC_QUANTIZATION_GROUP_SIZE: 32
[ INFO ]   KV_CACHE_PRECISION: <Type: 'uint8_t'>
[ INFO ]   KEY_CACHE_PRECISION: <Type: 'uint8_t'>
[ INFO ]   VALUE_CACHE_PRECISION: <Type: 'uint8_t'>
[ INFO ]   KEY_CACHE_GROUP_SIZE: 0
[ INFO ]   VALUE_CACHE_GROUP_SIZE: 0
[Step 9/11] Creating infer requests and preparing input tensors
[ WARNING ] No input files were given for input 'overhead'!. This input will be filled with random values!
[ WARNING ] No input files were given for input 'table_left'!. This input will be filled with random values!
[ WARNING ] No input files were given for input 'table_right'!. This input will be filled with random values!
[ WARNING ] No input files were given for input 'wrist_cam'!. This input will be filled with random values!
[ WARNING ] No input files were given for input 'state'!. This input will be filled with random values!
[ INFO ] Fill input 'overhead' with random values 
[ INFO ] Fill input 'table_left' with random values 
[ INFO ] Fill input 'table_right' with random values 
[ INFO ] Fill input 'wrist_cam' with random values 
[ INFO ] Fill input 'state' with random values 
[Step 10/11] Measuring performance (Start inference synchronously, limits: 100 iterations)
[ INFO ] Benchmarking in inference only mode (inputs filling are not included in measurement loop).
[ INFO ] First inference took 42.66 ms
[Step 11/11] Dumping statistics report
[ INFO ] Execution Devices:['CPU']
[ INFO ] Count:            100 iterations
[ INFO ] Duration:         4093.35 ms
[ INFO ] Latency:
[ INFO ]    Median:        40.86 ms
[ INFO ]    Average:       40.86 ms
[ INFO ]    Min:           40.81 ms
[ INFO ]    Max:           40.96 ms
[ INFO ] Throughput:   24.43 FPS
-- fp16 LATENCY async -> /home/ubuntu/mambo/out/bench/cpu_matrix_20260916T140419Z/bench_fp16_LATENCY_async.log
[Step 1/11] Parsing and validating input arguments
[ INFO ] Parsing input parameters
[Step 2/11] Loading OpenVINO Runtime
[ INFO ] OpenVINO:
[ INFO ] Build ................................. 2026.3.0-22451-8a17657b995-releases/2026/3
[ INFO ] 
[ INFO ] Device info:
[ INFO ] CPU
[ INFO ] Build ................................. 2026.3.0-22451-8a17657b995-releases/2026/3
[ INFO ] 
[ INFO ] 
[Step 3/11] Setting device configuration
[Step 4/11] Reading model files
[ INFO ] Loading model files
[ INFO ] Read model took 39.79 ms
[ INFO ] Original model I/O parameters:
[ INFO ] Model inputs:
[ INFO ]     overhead (node: overhead) : f32 / [...] / [?,3,?,?]
[ INFO ]     table_left (node: table_left) : f32 / [...] / [?,3,?,?]
[ INFO ]     table_right (node: table_right) : f32 / [...] / [?,3,?,?]
[ INFO ]     wrist_cam (node: wrist_cam) : f32 / [...] / [?,3,?,?]
[ INFO ]     state (node: state) : f32 / [...] / [?,?]
[ INFO ] Model outputs:
[ INFO ]     ***NO_NAME*** (node: __module.net.action_head/aten::linear/Add) : f32 / [...] / [?,50,12]
[Step 5/11] Resizing model to match image sizes and given batch
[ INFO ] Model batch size: 1
[ INFO ] Reshaping model: 'overhead': [1,3,256,256], 'table_left': [1,3,256,256], 'table_right': [1,3,256,256], 'wrist_cam': [1,3,256,256], 'state': [1,12]
[ INFO ] Reshape model took 36.04 ms
[Step 6/11] Configuring input of the model
[ INFO ] Model inputs:
[ INFO ]     overhead (node: overhead) : u8 / [N,C,H,W] / [1,3,256,256]
[ INFO ]     table_left (node: table_left) : u8 / [N,C,H,W] / [1,3,256,256]
[ INFO ]     table_right (node: table_right) : u8 / [N,C,H,W] / [1,3,256,256]
[ INFO ]     wrist_cam (node: wrist_cam) : u8 / [N,C,H,W] / [1,3,256,256]
[ INFO ]     state (node: state) : f32 / [...] / [1,12]
[ INFO ] Model outputs:
[ INFO ]     ***NO_NAME*** (node: __module.net.action_head/aten::linear/Add) : f32 / [...] / [1,50,12]
[Step 7/11] Loading the model to the device
[ INFO ] Compile model took 415.81 ms
[ INFO ] Start of compilation memory usage: Peak 840300 KB
[ INFO ] End of compilation memory usage: Peak 1722316 KB
[ INFO ] Compile model ram used 882016 KB
[Step 8/11] Querying optimal runtime parameters
[ INFO ] Model:
[ INFO ]   NETWORK_NAME: Model0
[ INFO ]   OPTIMAL_NUMBER_OF_INFER_REQUESTS: 1
[ INFO ]   NUM_STREAMS: 1
[ INFO ]   INFERENCE_NUM_THREADS: 6
[ INFO ]   PERF_COUNT: NO
[ INFO ]   INFERENCE_PRECISION_HINT: <Type: 'float32'>
[ INFO ]   PERFORMANCE_HINT: LATENCY
[ INFO ]   EXECUTION_MODE_HINT: ExecutionMode.PERFORMANCE
[ INFO ]   PERFORMANCE_HINT_NUM_REQUESTS: 0
[ INFO ]   ENABLE_CPU_PINNING: True
[ INFO ]   ENABLE_CPU_RESERVATION: False
[ INFO ]   SCHEDULING_CORE_TYPE: SchedulingCoreType.ANY_CORE
[ INFO ]   MODEL_DISTRIBUTION_POLICY: set()
[ INFO ]   ENABLE_HYPER_THREADING: False
[ INFO ]   EXECUTION_DEVICES: ['CPU']
[ INFO ]   CPU_DENORMALS_OPTIMIZATION: False
[ INFO ]   LOG_LEVEL: Level.NO
[ INFO ]   CPU_SPARSE_WEIGHTS_DECOMPRESSION_RATE: 1.0
[ INFO ]   ENABLE_TENSOR_PARALLEL: False
[ INFO ]   TBB_PARTITIONER: TbbPartitioner.STATIC
[ INFO ]   DYNAMIC_QUANTIZATION_GROUP_SIZE: 32
[ INFO ]   KV_CACHE_PRECISION: <Type: 'uint8_t'>
[ INFO ]   KEY_CACHE_PRECISION: <Type: 'uint8_t'>
[ INFO ]   VALUE_CACHE_PRECISION: <Type: 'uint8_t'>
[ INFO ]   KEY_CACHE_GROUP_SIZE: 0
[ INFO ]   VALUE_CACHE_GROUP_SIZE: 0
[Step 9/11] Creating infer requests and preparing input tensors
[ WARNING ] No input files were given for input 'overhead'!. This input will be filled with random values!
[ WARNING ] No input files were given for input 'table_left'!. This input will be filled with random values!
[ WARNING ] No input files were given for input 'table_right'!. This input will be filled with random values!
[ WARNING ] No input files were given for input 'wrist_cam'!. This input will be filled with random values!
[ WARNING ] No input files were given for input 'state'!. This input will be filled with random values!
[ INFO ] Fill input 'overhead' with random values 
[ INFO ] Fill input 'table_left' with random values 
[ INFO ] Fill input 'table_right' with random values 
[ INFO ] Fill input 'wrist_cam' with random values 
[ INFO ] Fill input 'state' with random values 
[Step 10/11] Measuring performance (Start inference asynchronously, 1 inference requests, limits: 100 iterations)
[ INFO ] Benchmarking in inference only mode (inputs filling are not included in measurement loop).
[ INFO ] First inference took 42.70 ms
[Step 11/11] Dumping statistics report
[ INFO ] Execution Devices:['CPU']
[ INFO ] Count:            100 iterations
[ INFO ] Duration:         4089.00 ms
[ INFO ] Latency:
[ INFO ]    Median:        40.83 ms
[ INFO ]    Average:       40.83 ms
[ INFO ]    Min:           40.76 ms
[ INFO ]    Max:           41.04 ms
[ INFO ] Throughput:   24.46 FPS
-- fp16 THROUGHPUT sync -> /home/ubuntu/mambo/out/bench/cpu_matrix_20260916T140419Z/bench_fp16_THROUGHPUT_sync.log
[Step 1/11] Parsing and validating input arguments
[ INFO ] Parsing input parameters
[Step 2/11] Loading OpenVINO Runtime
[ INFO ] OpenVINO:
[ INFO ] Build ................................. 2026.3.0-22451-8a17657b995-releases/2026/3
[ INFO ] 
[ INFO ] Device info:
[ INFO ] CPU
[ INFO ] Build ................................. 2026.3.0-22451-8a17657b995-releases/2026/3
[ INFO ] 
[ INFO ] 
[Step 3/11] Setting device configuration
[Step 4/11] Reading model files
[ INFO ] Loading model files
[ INFO ] Read model took 32.59 ms
[ INFO ] Original model I/O parameters:
[ INFO ] Model inputs:
[ INFO ]     overhead (node: overhead) : f32 / [...] / [?,3,?,?]
[ INFO ]     table_left (node: table_left) : f32 / [...] / [?,3,?,?]
[ INFO ]     table_right (node: table_right) : f32 / [...] / [?,3,?,?]
[ INFO ]     wrist_cam (node: wrist_cam) : f32 / [...] / [?,3,?,?]
[ INFO ]     state (node: state) : f32 / [...] / [?,?]
[ INFO ] Model outputs:
[ INFO ]     ***NO_NAME*** (node: __module.net.action_head/aten::linear/Add) : f32 / [...] / [?,50,12]
[Step 5/11] Resizing model to match image sizes and given batch
[ INFO ] Model batch size: 1
[ INFO ] Reshaping model: 'overhead': [1,3,256,256], 'table_left': [1,3,256,256], 'table_right': [1,3,256,256], 'wrist_cam': [1,3,256,256], 'state': [1,12]
[ INFO ] Reshape model took 35.72 ms
[Step 6/11] Configuring input of the model
[ INFO ] Model inputs:
[ INFO ]     overhead (node: overhead) : u8 / [N,C,H,W] / [1,3,256,256]
[ INFO ]     table_left (node: table_left) : u8 / [N,C,H,W] / [1,3,256,256]
[ INFO ]     table_right (node: table_right) : u8 / [N,C,H,W] / [1,3,256,256]
[ INFO ]     wrist_cam (node: wrist_cam) : u8 / [N,C,H,W] / [1,3,256,256]
[ INFO ]     state (node: state) : f32 / [...] / [1,12]
[ INFO ] Model outputs:
[ INFO ]     ***NO_NAME*** (node: __module.net.action_head/aten::linear/Add) : f32 / [...] / [1,50,12]
[Step 7/11] Loading the model to the device
[ INFO ] Compile model took 477.76 ms
[ INFO ] Start of compilation memory usage: Peak 840164 KB
[ INFO ] End of compilation memory usage: Peak 2085340 KB
[ INFO ] Compile model ram used 1245176 KB
[Step 8/11] Querying optimal runtime parameters
[ INFO ] Model:
[ INFO ]   NETWORK_NAME: Model0
[ INFO ]   OPTIMAL_NUMBER_OF_INFER_REQUESTS: 4
[ INFO ]   NUM_STREAMS: 4
[ INFO ]   INFERENCE_NUM_THREADS: 12
[ INFO ]   PERF_COUNT: NO
[ INFO ]   INFERENCE_PRECISION_HINT: <Type: 'float32'>
[ INFO ]   PERFORMANCE_HINT: THROUGHPUT
[ INFO ]   EXECUTION_MODE_HINT: ExecutionMode.PERFORMANCE
[ INFO ]   PERFORMANCE_HINT_NUM_REQUESTS: 0
[ INFO ]   ENABLE_CPU_PINNING: True
[ INFO ]   ENABLE_CPU_RESERVATION: False
[ INFO ]   SCHEDULING_CORE_TYPE: SchedulingCoreType.ANY_CORE
[ INFO ]   MODEL_DISTRIBUTION_POLICY: set()
[ INFO ]   ENABLE_HYPER_THREADING: True
[ INFO ]   EXECUTION_DEVICES: ['CPU']
[ INFO ]   CPU_DENORMALS_OPTIMIZATION: False
[ INFO ]   LOG_LEVEL: Level.NO
[ INFO ]   CPU_SPARSE_WEIGHTS_DECOMPRESSION_RATE: 1.0
[ INFO ]   ENABLE_TENSOR_PARALLEL: False
[ INFO ]   TBB_PARTITIONER: TbbPartitioner.STATIC
[ INFO ]   DYNAMIC_QUANTIZATION_GROUP_SIZE: 32
[ INFO ]   KV_CACHE_PRECISION: <Type: 'uint8_t'>
[ INFO ]   KEY_CACHE_PRECISION: <Type: 'uint8_t'>
[ INFO ]   VALUE_CACHE_PRECISION: <Type: 'uint8_t'>
[ INFO ]   KEY_CACHE_GROUP_SIZE: 0
[ INFO ]   VALUE_CACHE_GROUP_SIZE: 0
[Step 9/11] Creating infer requests and preparing input tensors
[ WARNING ] No input files were given for input 'overhead'!. This input will be filled with random values!
[ WARNING ] No input files were given for input 'table_left'!. This input will be filled with random values!
[ WARNING ] No input files were given for input 'table_right'!. This input will be filled with random values!
[ WARNING ] No input files were given for input 'wrist_cam'!. This input will be filled with random values!
[ WARNING ] No input files were given for input 'state'!. This input will be filled with random values!
[ INFO ] Fill input 'overhead' with random values 
[ INFO ] Fill input 'table_left' with random values 
[ INFO ] Fill input 'table_right' with random values 
[ INFO ] Fill input 'wrist_cam' with random values 
[ INFO ] Fill input 'state' with random values 
[Step 10/11] Measuring performance (Start inference synchronously, limits: 100 iterations)
[ INFO ] Benchmarking in inference only mode (inputs filling are not included in measurement loop).
[ INFO ] First inference took 72.10 ms
[Step 11/11] Dumping statistics report
[ INFO ] Execution Devices:['CPU']
[ INFO ] Count:            100 iterations
[ INFO ] Duration:         7147.33 ms
[ INFO ] Latency:
[ INFO ]    Median:        71.38 ms
[ INFO ]    Average:       71.40 ms
[ INFO ]    Min:           71.21 ms
[ INFO ]    Max:           72.09 ms
[ INFO ] Throughput:   13.99 FPS
-- fp16 THROUGHPUT async -> /home/ubuntu/mambo/out/bench/cpu_matrix_20260916T140419Z/bench_fp16_THROUGHPUT_async.log
[Step 1/11] Parsing and validating input arguments
[ INFO ] Parsing input parameters
[Step 2/11] Loading OpenVINO Runtime
[ INFO ] OpenVINO:
[ INFO ] Build ................................. 2026.3.0-22451-8a17657b995-releases/2026/3
[ INFO ] 
[ INFO ] Device info:
[ INFO ] CPU
[ INFO ] Build ................................. 2026.3.0-22451-8a17657b995-releases/2026/3
[ INFO ] 
[ INFO ] 
[Step 3/11] Setting device configuration
[Step 4/11] Reading model files
[ INFO ] Loading model files
[ INFO ] Read model took 32.50 ms
[ INFO ] Original model I/O parameters:
[ INFO ] Model inputs:
[ INFO ]     overhead (node: overhead) : f32 / [...] / [?,3,?,?]
[ INFO ]     table_left (node: table_left) : f32 / [...] / [?,3,?,?]
[ INFO ]     table_right (node: table_right) : f32 / [...] / [?,3,?,?]
[ INFO ]     wrist_cam (node: wrist_cam) : f32 / [...] / [?,3,?,?]
[ INFO ]     state (node: state) : f32 / [...] / [?,?]
[ INFO ] Model outputs:
[ INFO ]     ***NO_NAME*** (node: __module.net.action_head/aten::linear/Add) : f32 / [...] / [?,50,12]
[Step 5/11] Resizing model to match image sizes and given batch
[ INFO ] Model batch size: 1
[ INFO ] Reshaping model: 'overhead': [1,3,256,256], 'table_left': [1,3,256,256], 'table_right': [1,3,256,256], 'wrist_cam': [1,3,256,256], 'state': [1,12]
[ INFO ] Reshape model took 35.81 ms
[Step 6/11] Configuring input of the model
[ INFO ] Model inputs:
[ INFO ]     overhead (node: overhead) : u8 / [N,C,H,W] / [1,3,256,256]
[ INFO ]     table_left (node: table_left) : u8 / [N,C,H,W] / [1,3,256,256]
[ INFO ]     table_right (node: table_right) : u8 / [N,C,H,W] / [1,3,256,256]
[ INFO ]     wrist_cam (node: wrist_cam) : u8 / [N,C,H,W] / [1,3,256,256]
[ INFO ]     state (node: state) : f32 / [...] / [1,12]
[ INFO ] Model outputs:
[ INFO ]     ***NO_NAME*** (node: __module.net.action_head/aten::linear/Add) : f32 / [...] / [1,50,12]
[Step 7/11] Loading the model to the device
[ INFO ] Compile model took 477.70 ms
[ INFO ] Start of compilation memory usage: Peak 840172 KB
[ INFO ] End of compilation memory usage: Peak 2081252 KB
[ INFO ] Compile model ram used 1241080 KB
[Step 8/11] Querying optimal runtime parameters
[ INFO ] Model:
[ INFO ]   NETWORK_NAME: Model0
[ INFO ]   OPTIMAL_NUMBER_OF_INFER_REQUESTS: 4
[ INFO ]   NUM_STREAMS: 4
[ INFO ]   INFERENCE_NUM_THREADS: 12
[ INFO ]   PERF_COUNT: NO
[ INFO ]   INFERENCE_PRECISION_HINT: <Type: 'float32'>
[ INFO ]   PERFORMANCE_HINT: THROUGHPUT
[ INFO ]   EXECUTION_MODE_HINT: ExecutionMode.PERFORMANCE
[ INFO ]   PERFORMANCE_HINT_NUM_REQUESTS: 0
[ INFO ]   ENABLE_CPU_PINNING: True
[ INFO ]   ENABLE_CPU_RESERVATION: False
[ INFO ]   SCHEDULING_CORE_TYPE: SchedulingCoreType.ANY_CORE
[ INFO ]   MODEL_DISTRIBUTION_POLICY: set()
[ INFO ]   ENABLE_HYPER_THREADING: True
[ INFO ]   EXECUTION_DEVICES: ['CPU']
[ INFO ]   CPU_DENORMALS_OPTIMIZATION: False
[ INFO ]   LOG_LEVEL: Level.NO
[ INFO ]   CPU_SPARSE_WEIGHTS_DECOMPRESSION_RATE: 1.0
[ INFO ]   ENABLE_TENSOR_PARALLEL: False
[ INFO ]   TBB_PARTITIONER: TbbPartitioner.STATIC
[ INFO ]   DYNAMIC_QUANTIZATION_GROUP_SIZE: 32
[ INFO ]   KV_CACHE_PRECISION: <Type: 'uint8_t'>
[ INFO ]   KEY_CACHE_PRECISION: <Type: 'uint8_t'>
[ INFO ]   VALUE_CACHE_PRECISION: <Type: 'uint8_t'>
[ INFO ]   KEY_CACHE_GROUP_SIZE: 0
[ INFO ]   VALUE_CACHE_GROUP_SIZE: 0
[Step 9/11] Creating infer requests and preparing input tensors
[ WARNING ] No input files were given for input 'overhead'!. This input will be filled with random values!
[ WARNING ] No input files were given for input 'table_left'!. This input will be filled with random values!
[ WARNING ] No input files were given for input 'table_right'!. This input will be filled with random values!
[ WARNING ] No input files were given for input 'wrist_cam'!. This input will be filled with random values!
[ WARNING ] No input files were given for input 'state'!. This input will be filled with random values!
[ INFO ] Fill input 'overhead' with random values 
[ INFO ] Fill input 'table_left' with random values 
[ INFO ] Fill input 'table_right' with random values 
[ INFO ] Fill input 'wrist_cam' with random values 
[ INFO ] Fill input 'state' with random values 
[Step 10/11] Measuring performance (Start inference asynchronously, 4 inference requests, limits: 100 iterations)
[ INFO ] Benchmarking in inference only mode (inputs filling are not included in measurement loop).
[ INFO ] First inference took 72.08 ms
[Step 11/11] Dumping statistics report
[ INFO ] Execution Devices:['CPU']
[ INFO ] Count:            100 iterations
[ INFO ] Duration:         3662.36 ms
[ INFO ] Latency:
[ INFO ]    Median:        143.77 ms
[ INFO ]    Average:       144.79 ms
[ INFO ]    Min:           133.48 ms
[ INFO ]    Max:           152.69 ms
[ INFO ] Throughput:   27.30 FPS
== done: attach the whole directory ==
total 80
drwxrwxr-x 2 ubuntu ubuntu 4096 Sep 16 14:05 .
drwxrwxr-x 6 ubuntu ubuntu 4096 Sep 16 14:04 ..
-rw-rw-r-- 1 ubuntu ubuntu 5851 Sep 16 14:04 00_env.txt
-rw-rw-r-- 1 ubuntu ubuntu 4758 Sep 16 14:04 bench_fp16_LATENCY_async.log
-rw-rw-r-- 1 ubuntu ubuntu 4735 Sep 16 14:04 bench_fp16_LATENCY_sync.log
-rw-rw-r-- 1 ubuntu ubuntu 4766 Sep 16 14:05 bench_fp16_THROUGHPUT_async.log
-rw-rw-r-- 1 ubuntu ubuntu 4739 Sep 16 14:05 bench_fp16_THROUGHPUT_sync.log
-rw-rw-r-- 1 ubuntu ubuntu 4758 Sep 16 14:04 bench_fp32_LATENCY_async.log
-rw-rw-r-- 1 ubuntu ubuntu 4735 Sep 16 14:04 bench_fp32_LATENCY_sync.log
-rw-rw-r-- 1 ubuntu ubuntu 4766 Sep 16 14:04 bench_fp32_THROUGHPUT_async.log
-rw-rw-r-- 1 ubuntu ubuntu 4739 Sep 16 14:04 bench_fp32_THROUGHPUT_sync.log
If /dev/dri exists, also capture: intel_gpu_top -l > /home/ubuntu/mambo/out/bench/cpu_matrix_20260916T140419Z/intel_gpu_top.txt
