[Step 1/11] Parsing and validating input arguments
[ INFO ] Parsing input parameters
[Step 2/11] Loading OpenVINO Runtime
[ INFO ] OpenVINO:
[ INFO ] Build ................................. 2026.3.0-22451-8a17657b995-releases/2026/3
[ INFO ] 
[ INFO ] Device info:
[ INFO ] CPU
[ INFO ] Build ................................. 2026.3.0-22451-8a17657b995-releases/2026/3
[ INFO ] 
[ INFO ] 
[Step 3/11] Setting device configuration
[Step 4/11] Reading model files
[ INFO ] Loading model files
[ INFO ] Read model took 32.60 ms
[ INFO ] Original model I/O parameters:
[ INFO ] Model inputs:
[ INFO ]     overhead (node: overhead) : f32 / [...] / [?,3,?,?]
[ INFO ]     table_left (node: table_left) : f32 / [...] / [?,3,?,?]
[ INFO ]     table_right (node: table_right) : f32 / [...] / [?,3,?,?]
[ INFO ]     wrist_cam (node: wrist_cam) : f32 / [...] / [?,3,?,?]
[ INFO ]     state (node: state) : f32 / [...] / [?,?]
[ INFO ] Model outputs:
[ INFO ]     ***NO_NAME*** (node: __module.net.action_head/aten::linear/Add) : f32 / [...] / [?,50,12]
[Step 5/11] Resizing model to match image sizes and given batch
[ INFO ] Model batch size: 1
[ INFO ] Reshaping model: 'overhead': [1,3,256,256], 'table_left': [1,3,256,256], 'table_right': [1,3,256,256], 'wrist_cam': [1,3,256,256], 'state': [1,12]
[ INFO ] Reshape model took 36.02 ms
[Step 6/11] Configuring input of the model
[ INFO ] Model inputs:
[ INFO ]     overhead (node: overhead) : u8 / [N,C,H,W] / [1,3,256,256]
[ INFO ]     table_left (node: table_left) : u8 / [N,C,H,W] / [1,3,256,256]
[ INFO ]     table_right (node: table_right) : u8 / [N,C,H,W] / [1,3,256,256]
[ INFO ]     wrist_cam (node: wrist_cam) : u8 / [N,C,H,W] / [1,3,256,256]
[ INFO ]     state (node: state) : f32 / [...] / [1,12]
[ INFO ] Model outputs:
[ INFO ]     ***NO_NAME*** (node: __module.net.action_head/aten::linear/Add) : f32 / [...] / [1,50,12]
[Step 7/11] Loading the model to the device
[ INFO ] Compile model took 478.02 ms
[ INFO ] Start of compilation memory usage: Peak 840180 KB
[ INFO ] End of compilation memory usage: Peak 2019824 KB
[ INFO ] Compile model ram used 1179644 KB
[Step 8/11] Querying optimal runtime parameters
[ INFO ] Model:
[ INFO ]   NETWORK_NAME: Model0
[ INFO ]   OPTIMAL_NUMBER_OF_INFER_REQUESTS: 4
[ INFO ]   NUM_STREAMS: 4
[ INFO ]   INFERENCE_NUM_THREADS: 12
[ INFO ]   PERF_COUNT: NO
[ INFO ]   INFERENCE_PRECISION_HINT: <Type: 'float32'>
[ INFO ]   PERFORMANCE_HINT: THROUGHPUT
[ INFO ]   EXECUTION_MODE_HINT: ExecutionMode.PERFORMANCE
[ INFO ]   PERFORMANCE_HINT_NUM_REQUESTS: 0
[ INFO ]   ENABLE_CPU_PINNING: True
[ INFO ]   ENABLE_CPU_RESERVATION: False
[ INFO ]   SCHEDULING_CORE_TYPE: SchedulingCoreType.ANY_CORE
[ INFO ]   MODEL_DISTRIBUTION_POLICY: set()
[ INFO ]   ENABLE_HYPER_THREADING: True
[ INFO ]   EXECUTION_DEVICES: ['CPU']
[ INFO ]   CPU_DENORMALS_OPTIMIZATION: False
[ INFO ]   LOG_LEVEL: Level.NO
[ INFO ]   CPU_SPARSE_WEIGHTS_DECOMPRESSION_RATE: 1.0
[ INFO ]   ENABLE_TENSOR_PARALLEL: False
[ INFO ]   TBB_PARTITIONER: TbbPartitioner.STATIC
[ INFO ]   DYNAMIC_QUANTIZATION_GROUP_SIZE: 32
[ INFO ]   KV_CACHE_PRECISION: <Type: 'uint8_t'>
[ INFO ]   KEY_CACHE_PRECISION: <Type: 'uint8_t'>
[ INFO ]   VALUE_CACHE_PRECISION: <Type: 'uint8_t'>
[ INFO ]   KEY_CACHE_GROUP_SIZE: 0
[ INFO ]   VALUE_CACHE_GROUP_SIZE: 0
[Step 9/11] Creating infer requests and preparing input tensors
[ WARNING ] No input files were given for input 'overhead'!. This input will be filled with random values!
[ WARNING ] No input files were given for input 'table_left'!. This input will be filled with random values!
[ WARNING ] No input files were given for input 'table_right'!. This input will be filled with random values!
[ WARNING ] No input files were given for input 'wrist_cam'!. This input will be filled with random values!
[ WARNING ] No input files were given for input 'state'!. This input will be filled with random values!
[ INFO ] Fill input 'overhead' with random values 
[ INFO ] Fill input 'table_left' with random values 
[ INFO ] Fill input 'table_right' with random values 
[ INFO ] Fill input 'wrist_cam' with random values 
[ INFO ] Fill input 'state' with random values 
[Step 10/11] Measuring performance (Start inference asynchronously, 4 inference requests, limits: 100 iterations)
[ INFO ] Benchmarking in inference only mode (inputs filling are not included in measurement loop).
[ INFO ] First inference took 72.23 ms
[Step 11/11] Dumping statistics report
[ INFO ] Execution Devices:['CPU']
[ INFO ] Count:            100 iterations
[ INFO ] Duration:         3590.28 ms
[ INFO ] Latency:
[ INFO ]    Median:        143.66 ms
[ INFO ]    Average:       143.52 ms
[ INFO ]    Min:           140.87 ms
[ INFO ]    Max:           144.20 ms
[ INFO ] Throughput:   27.85 FPS
