=== POLICY200K ===
stats_root=out/lerobot_v3
Loading weights from local directory
seed 0: success=False steps=9000 fwd_p50=26.5688ms fwd_p95=232.1145ms exec=50 | policy rollout: no place (mug moved 65mm)
seed 1: success=False steps=9000 fwd_p50=26.2636ms fwd_p95=43.1761ms exec=50 | policy rollout: no place (mug moved 228mm)
seed 2: success=False steps=9000 fwd_p50=24.548ms fwd_p95=26.6866ms exec=50 | policy rollout: no place (mug moved 405mm)
seed 3: success=False steps=9000 fwd_p50=25.3952ms fwd_p95=33.2728ms exec=50 | policy rollout: no place (mug moved 220mm)
seed 4: success=False steps=9000 fwd_p50=26.357ms fwd_p95=30.3064ms exec=50 | policy rollout: no place (mug moved 301mm)
seed 5: success=False steps=9000 fwd_p50=24.8849ms fwd_p95=44.1322ms exec=50 | policy rollout: no place (mug moved 102mm)
seed 6: success=False steps=9000 fwd_p50=25.9011ms fwd_p95=35.7261ms exec=50 | policy rollout: no place (mug moved 200mm)
seed 7: success=False steps=9000 fwd_p50=23.2898ms fwd_p95=26.1511ms exec=50 | policy rollout: no place (mug moved 213mm)
seed 8: success=False steps=9000 fwd_p50=27.6264ms fwd_p95=43.7699ms exec=50 | policy rollout: no place (mug moved 1620mm)
seed 9: success=False steps=9000 fwd_p50=24.2792ms fwd_p95=25.8962ms exec=50 | policy rollout: no place (mug moved 268mm)
instruction: Transfer the mug from left staging to the right zone via the table relay.
seed | success | steps | forward_p50_ms | note
   0 | False | 9000 | 26.5688 | policy rollout: no place (mug moved 65mm)
   1 | False | 9000 | 26.2636 | policy rollout: no place (mug moved 228mm)
   2 | False | 9000 | 24.548 | policy rollout: no place (mug moved 405mm)
   3 | False | 9000 | 25.3952 | policy rollout: no place (mug moved 220mm)
   4 | False | 9000 | 26.357 | policy rollout: no place (mug moved 301mm)
   5 | False | 9000 | 24.8849 | policy rollout: no place (mug moved 102mm)
   6 | False | 9000 | 25.9011 | policy rollout: no place (mug moved 200mm)
   7 | False | 9000 | 23.2898 | policy rollout: no place (mug moved 213mm)
   8 | False | 9000 | 27.6264 | policy rollout: no place (mug moved 1620mm)
   9 | False | 9000 | 24.2792 | policy rollout: no place (mug moved 268mm)
seed | success | steps | forward_p50_ms | forward_p95_ms | exec_steps | note
   0 | False | 9000 | 26.5688 | 232.1145 | 50 | policy rollout: no place (mug moved 65mm)
   1 | False | 9000 | 26.2636 | 43.1761 | 50 | policy rollout: no place (mug moved 228mm)
   2 | False | 9000 | 24.548 | 26.6866 | 50 | policy rollout: no place (mug moved 405mm)
   3 | False | 9000 | 25.3952 | 33.2728 | 50 | policy rollout: no place (mug moved 220mm)
   4 | False | 9000 | 26.357 | 30.3064 | 50 | policy rollout: no place (mug moved 301mm)
   5 | False | 9000 | 24.8849 | 44.1322 | 50 | policy rollout: no place (mug moved 102mm)
   6 | False | 9000 | 25.9011 | 35.7261 | 50 | policy rollout: no place (mug moved 200mm)
   7 | False | 9000 | 23.2898 | 26.1511 | 50 | policy rollout: no place (mug moved 213mm)
   8 | False | 9000 | 27.6264 | 43.7699 | 50 | policy rollout: no place (mug moved 1620mm)
   9 | False | 9000 | 24.2792 | 25.8962 | 50 | policy rollout: no place (mug moved 268mm)
=== RANDOM200K ===
stats_root=out/lerobot_v3
seed 0: success=False steps=9000 fwd_p50=0.669ms fwd_p95=1.3503ms exec=50 | random baseline: no place (mug moved 0mm)
seed 1: success=False steps=9000 fwd_p50=0.6642ms fwd_p95=0.7243ms exec=50 | random baseline: no place (mug moved 0mm)
seed 2: success=False steps=9000 fwd_p50=0.6652ms fwd_p95=0.8165ms exec=50 | random baseline: no place (mug moved 0mm)
seed 3: success=False steps=9000 fwd_p50=0.6537ms fwd_p95=0.7816ms exec=50 | random baseline: no place (mug moved 0mm)
seed 4: success=False steps=9000 fwd_p50=0.6784ms fwd_p95=1.047ms exec=50 | random baseline: no place (mug moved 0mm)
seed 5: success=False steps=9000 fwd_p50=0.6783ms fwd_p95=0.798ms exec=50 | random baseline: no place (mug moved 0mm)
seed 6: success=False steps=9000 fwd_p50=0.7731ms fwd_p95=0.9084ms exec=50 | random baseline: no place (mug moved 0mm)
seed 7: success=False steps=9000 fwd_p50=0.6415ms fwd_p95=0.6874ms exec=50 | random baseline: no place (mug moved 0mm)
seed 8: success=False steps=9000 fwd_p50=0.7222ms fwd_p95=0.8554ms exec=50 | random baseline: no place (mug moved 0mm)
seed 9: success=False steps=9000 fwd_p50=0.6635ms fwd_p95=1.0088ms exec=50 | random baseline: no place (mug moved 0mm)
instruction: Transfer the mug from left staging to the right zone via the table relay.
seed | success | steps | forward_p50_ms | note
   0 | False | 9000 | 0.669 | random baseline: no place (mug moved 0mm)
   1 | False | 9000 | 0.6642 | random baseline: no place (mug moved 0mm)
   2 | False | 9000 | 0.6652 | random baseline: no place (mug moved 0mm)
   3 | False | 9000 | 0.6537 | random baseline: no place (mug moved 0mm)
   4 | False | 9000 | 0.6784 | random baseline: no place (mug moved 0mm)
   5 | False | 9000 | 0.6783 | random baseline: no place (mug moved 0mm)
   6 | False | 9000 | 0.7731 | random baseline: no place (mug moved 0mm)
   7 | False | 9000 | 0.6415 | random baseline: no place (mug moved 0mm)
   8 | False | 9000 | 0.7222 | random baseline: no place (mug moved 0mm)
   9 | False | 9000 | 0.6635 | random baseline: no place (mug moved 0mm)
seed | success | steps | forward_p50_ms | forward_p95_ms | exec_steps | note
   0 | False | 9000 | 0.669 | 1.3503 | 50 | random baseline: no place (mug moved 0mm)
   1 | False | 9000 | 0.6642 | 0.7243 | 50 | random baseline: no place (mug moved 0mm)
   2 | False | 9000 | 0.6652 | 0.8165 | 50 | random baseline: no place (mug moved 0mm)
   3 | False | 9000 | 0.6537 | 0.7816 | 50 | random baseline: no place (mug moved 0mm)
   4 | False | 9000 | 0.6784 | 1.047 | 50 | random baseline: no place (mug moved 0mm)
   5 | False | 9000 | 0.6783 | 0.798 | 50 | random baseline: no place (mug moved 0mm)
   6 | False | 9000 | 0.7731 | 0.9084 | 50 | random baseline: no place (mug moved 0mm)
   7 | False | 9000 | 0.6415 | 0.6874 | 50 | random baseline: no place (mug moved 0mm)
   8 | False | 9000 | 0.7222 | 0.8554 | 50 | random baseline: no place (mug moved 0mm)
   9 | False | 9000 | 0.6635 | 1.0088 | 50 | random baseline: no place (mug moved 0mm)
=== SWAP200K ===
instruction: Transfer the plate from right staging to the left zone via the table relay.
seed | success | steps | forward_p50_ms | note
   0 | False | 0 | 0.0 | router refused (out-of-grammar)
   1 | False | 0 | 0.0 | router refused (out-of-grammar)
   2 | False | 0 | 0.0 | router refused (out-of-grammar)
   3 | False | 0 | 0.0 | router refused (out-of-grammar)
   4 | False | 0 | 0.0 | router refused (out-of-grammar)
   5 | False | 0 | 0.0 | router refused (out-of-grammar)
   6 | False | 0 | 0.0 | router refused (out-of-grammar)
   7 | False | 0 | 0.0 | router refused (out-of-grammar)
   8 | False | 0 | 0.0 | router refused (out-of-grammar)
   9 | False | 0 | 0.0 | router refused (out-of-grammar)
swap control: success collapses to 0 (refusal, arms never moved)
