[Step 1/11] Parsing and validating input arguments
[ INFO ] Parsing input parameters
[Step 2/11] Loading OpenVINO Runtime
[ INFO ] OpenVINO:
[ INFO ] Build ................................. 2026.3.0-22451-8a17657b995-releases/2026/3
[ INFO ] 
[ INFO ] Device info:
[ INFO ] CPU
[ INFO ] Build ................................. 2026.3.0-22451-8a17657b995-releases/2026/3
[ INFO ] 
[ INFO ] 
[Step 3/11] Setting device configuration
[Step 4/11] Reading model files
[ INFO ] Loading model files
[ INFO ] Read model took 32.57 ms
[ INFO ] Original model I/O parameters:
[ INFO ] Model inputs:
[ INFO ]     overhead (node: overhead) : f32 / [...] / [?,3,?,?]
[ INFO ]     table_left (node: table_left) : f32 / [...] / [?,3,?,?]
[ INFO ]     table_right (node: table_right) : f32 / [...] / [?,3,?,?]
[ INFO ]     wrist_cam (node: wrist_cam) : f32 / [...] / [?,3,?,?]
[ INFO ]     state (node: state) : f32 / [...] / [?,?]
[ INFO ] Model outputs:
[ INFO ]     ***NO_NAME*** (node: __module.net.action_head/aten::linear/Add) : f32 / [...] / [?,50,12]
[Step 5/11] Resizing model to match image sizes and given batch
[ INFO ] Model batch size: 1
[Step 6/11] Configuring input of the model
[ INFO ] Model inputs:
[ INFO ]     overhead (node: overhead) : f32 / [...] / [?,3,?,?]
[ INFO ]     table_left (node: table_left) : f32 / [...] / [?,3,?,?]
[ INFO ]     table_right (node: table_right) : f32 / [...] / [?,3,?,?]
[ INFO ]     wrist_cam (node: wrist_cam) : f32 / [...] / [?,3,?,?]
[ INFO ]     state (node: state) : f32 / [...] / [?,?]
[ INFO ] Model outputs:
[ INFO ]     ***NO_NAME*** (node: __module.net.action_head/aten::linear/Add) : f32 / [...] / [?,50,12]
[Step 7/11] Loading the model to the device
[ INFO ] Compile model took 742.26 ms
[ INFO ] Start of compilation memory usage: Peak 840188 KB
[ INFO ] End of compilation memory usage: Peak 1263684 KB
[ INFO ] Compile model ram used 423496 KB
[Step 8/11] Querying optimal runtime parameters
[ INFO ] Model:
[ INFO ]   NETWORK_NAME: Model0
[ INFO ]   OPTIMAL_NUMBER_OF_INFER_REQUESTS: 1
[ INFO ]   NUM_STREAMS: 1
[ INFO ]   INFERENCE_NUM_THREADS: 6
[ INFO ]   PERF_COUNT: NO
[ INFO ]   INFERENCE_PRECISION_HINT: <Type: 'float32'>
[ INFO ]   PERFORMANCE_HINT: LATENCY
[ INFO ]   EXECUTION_MODE_HINT: ExecutionMode.PERFORMANCE
[ INFO ]   PERFORMANCE_HINT_NUM_REQUESTS: 0
[ INFO ]   ENABLE_CPU_PINNING: True
[ INFO ]   ENABLE_CPU_RESERVATION: False
[ INFO ]   SCHEDULING_CORE_TYPE: SchedulingCoreType.ANY_CORE
[ INFO ]   MODEL_DISTRIBUTION_POLICY: set()
[ INFO ]   ENABLE_HYPER_THREADING: False
[ INFO ]   EXECUTION_DEVICES: ['CPU']
[ INFO ]   CPU_DENORMALS_OPTIMIZATION: False
[ INFO ]   LOG_LEVEL: Level.NO
[ INFO ]   CPU_SPARSE_WEIGHTS_DECOMPRESSION_RATE: 1.0
[ INFO ]   ENABLE_TENSOR_PARALLEL: False
[ INFO ]   TBB_PARTITIONER: TbbPartitioner.STATIC
[ INFO ]   DYNAMIC_QUANTIZATION_GROUP_SIZE: 32
[ INFO ]   KV_CACHE_PRECISION: <Type: 'uint8_t'>
[ INFO ]   KEY_CACHE_PRECISION: <Type: 'uint8_t'>
[ INFO ]   VALUE_CACHE_PRECISION: <Type: 'uint8_t'>
[ INFO ]   KEY_CACHE_GROUP_SIZE: 0
[ INFO ]   VALUE_CACHE_GROUP_SIZE: 0
[Step 9/11] Creating infer requests and preparing input tensors
[ ERROR ] Input overhead is dynamic. Provide data shapes!
Traceback (most recent call last):
  File "/home/ubuntu/mambo/.venv/lib/python3.12/site-packages/openvino/tools/benchmark/main.py", line 556, in main
    data_queue = get_input_data(paths_to_input, app_inputs_info)
                 ^^^^^^^^^^^^^^^^^^^^^^^^^^^^^^^^^^^^^^^^^^^^^^^
  File "/home/ubuntu/mambo/.venv/lib/python3.12/site-packages/openvino/tools/benchmark/utils/inputs_filling.py", line 122, in get_input_data
    raise Exception(f"Input {info.name} is dynamic. Provide data shapes!")
Exception: Input overhead is dynamic. Provide data shapes!
